....                                                                     [100%]
=============================== warnings summary ===============================
server/app.py:75
  /home/mcp/tradewatch/server/app.py:75: DeprecationWarning: 
          on_event is deprecated, use lifespan event handlers instead.
  
          Read more about it in the
          [FastAPI docs for Lifespan Events](https://fastapi.tiangolo.com/advanced/events/).
          
    @app.on_event("startup")

.venv/lib/python3.12/site-packages/fastapi/applications.py:4575
  /home/mcp/tradewatch/.venv/lib/python3.12/site-packages/fastapi/applications.py:4575: DeprecationWarning: 
          on_event is deprecated, use lifespan event handlers instead.
  
          Read more about it in the
          [FastAPI docs for Lifespan Events](https://fastapi.tiangolo.com/advanced/events/).
          
    return self.router.on_event(event_type)

-- Docs: https://docs.pytest.org/en/stable/how-to/capture-warnings.html
4 passed, 2 warnings in 0.53s
